
> tenx-catering@1.0.0 build
> next build

Γû▓ Next.js 16.1.6 (Turbopack)
- Environments: .env

  Creating an optimized production build ...
Γ£ô Compiled successfully in 24.7s
  Running TypeScript ...
node.exe : Failed to compile.
At line:1 char:1
+ & "C:\nvm4w\nodejs/node.exe" 
"C:\nvm4w\nodejs/node_modules/npm/bin/np 
...
+ ~~~~~~~~~~~~~~~~~~~~~~~~~~~~~~~~~~~~~~~~
~~~~~~~~~~~~~~~~~~~~~~~~~~~~~
    + CategoryInfo          : NotSpecifie 
   d: (Failed to compile.:String) [], Re  
  moteException
    + FullyQualifiedErrorId : NativeComma 
   ndError
 

./app/(dashboard)/dashboard/contents/temp.
ts:1:10
Type error: Module '"@prisma/client"' has 
no exported member 'DashboardUserRole'.

[0m[31m[1m>[22m[39m[90m 1 |[39m 
[36mimport[39m { 
[33mDashboardUserRole[39m } 
[36mfrom[39m 
[32m"@prisma/client"[39m[33m;[39m
 [90m   |[39m          
[31m[1m^[22m[39m
 [90m 2 |[39m
 [90m 3 |[39m [90m// Update Navigation 
to include Contents[39m
 [90m 4 |[39m [90m// ... locating 
navigation data[39m[0m
Next.js build worker exited with code: 1 
and signal: null
